node.exe : [31mΓ£ù[39m 
Build failed in 47ms
At line:1 char:1
+ & "C:\Program 
Files\nodejs/node.exe" 
"C:\Program 
Files\nodejs/node_mo ...
+ ~~~~~~~~~~~~~~~~~~~~~~~~~
~~~~~~~~~~~~~~~~~~~~~~~~~~~
~~~~~~~~~~~~~~~~~
    + CategoryInfo         
     : NotSpecified: ([3  
  1mΓ£ù[39m Build faile   
 d in 47ms:String) [],     
RemoteException
    + FullyQualifiedErrorI 
   d : NativeCommandError
 
[31merror during build:
[31mBuild failed with 1 
error:

[31m[UNRESOLVED_IMPORT] 
Error:[0m Could not 
resolve 
'./styles/compose.css' in 
src/main.tsx
   [38;5;246mΓò¡[0m[38;5
;246mΓöÇ[0m[38;5;246m[[0
m src/main.tsx:7:8 
[38;5;246m][0m
   [38;5;246mΓöé[0m
 [38;5;246m7 Γöé[0m [38;
5;249mi[0m[38;5;249mm[0m
[38;5;249mp[0m[38;5;249m
o[0m[38;5;249mr[0m[38;5
;249mt[0m[38;5;249m [0m"
./styles/compose.css"[38;5
;249m;[0m
 [38;5;240m  Γöé[0m      
  ΓöÇΓöÇΓöÇΓöÇΓöÇΓöÇΓöÇΓöÇΓ
öÇΓöÇΓöÇΓö¼ΓöÇΓöÇΓöÇΓöÇΓöÇΓ
öÇΓöÇΓöÇΓöÇΓöÇ  
 [38;5;240m  Γöé[0m      
             Γò░ΓöÇΓöÇΓöÇΓö
ÇΓöÇΓöÇΓöÇΓöÇΓöÇΓöÇΓöÇΓöÇ 
Module not found.
 [38;5;240m  Γöé[0m 
 [38;5;240m  Γöé[0m 
[38;5;115mHelp[0m: 
'src/main.tsx' is imported 
by the following path:
 [38;5;240m  Γöé[0m      
   - src/main.tsx
 [38;5;240m  Γöé[0m      
   - index.html
[38;5;246mΓöÇΓöÇΓöÇΓò»[0m
[31m
    at aggregateBindingErro
rsIntoJsError (file:///C:/U
sers/CITS/Documents/CODE/Ra
csAutoDeal-FrontEnd/node_mo
dules/rolldown/dist/shared/
error-BLhcSyeg.mjs:48:18)
    at unwrapBindingResult 
(file:///C:/Users/CITS/Docu
ments/CODE/RacsAutoDeal-Fro
ntEnd/node_modules/rolldown
/dist/shared/error-BLhcSyeg
.mjs:18:128)
    at #build (file:///C:/U
sers/CITS/Documents/CODE/Ra
csAutoDeal-FrontEnd/node_mo
dules/rolldown/dist/shared/
rolldown-build-CPrIX9V6.mjs
:3313:34)
    at async 
buildEnvironment (file:///C
:/Users/CITS/Documents/CODE
/RacsAutoDeal-FrontEnd/node
_modules/vite/dist/node/chu
nks/node.js:32849:64)
    at async Object.build (
file:///C:/Users/CITS/Docum
ents/CODE/RacsAutoDeal-Fron
tEnd/node_modules/vite/dist
/node/chunks/node.js:33271:
19)
    at async 
Object.buildApp (file:///C:
/Users/CITS/Documents/CODE/
RacsAutoDeal-FrontEnd/node_
modules/vite/dist/node/chun
ks/node.js:33268:153)
    at async 
CAC.<anonymous> (file:///C:
/Users/CITS/Documents/CODE/
RacsAutoDeal-FrontEnd/node_
modules/vite/dist/node/cli.
js:778:3) {
  errors: [Getter/Setter]
}[39m
