src/components/landing/CarCard.tsx(2,10): error TS1484: 'Vehicle' is a type and must be imported using a type-only import when 'verbatimModuleSyntax' is enabled.
src/components/landing/Inventory.tsx(50,23): error TS7034: Variable 'badges' implicitly has type 'any[]' in some locations where its type cannot be determined.
src/components/landing/Inventory.tsx(54,53): error TS7005: Variable 'badges' implicitly has an 'any[]' type.
src/constants/initialCars.ts(2,10): error TS1484: 'Vehicle' is a type and must be imported using a type-only import when 'verbatimModuleSyntax' is enabled.
src/context/InventoryContext.tsx(2,10): error TS1484: 'Vehicle' is a type and must be imported using a type-only import when 'verbatimModuleSyntax' is enabled.
src/context/InventoryContext.tsx(2,19): error TS1484: 'UserReport' is a type and must be imported using a type-only import when 'verbatimModuleSyntax' is enabled.
src/context/InventoryContext.tsx(2,31): error TS1484: 'AppSettings' is a type and must be imported using a type-only import when 'verbatimModuleSyntax' is enabled.
src/context/InventoryContext.tsx(2,44): error TS1484: 'AdminNotification' is a type and must be imported using a type-only import when 'verbatimModuleSyntax' is enabled.
